Copyright 1986-2022 Xilinx, Inc. All Rights Reserved. Copyright 2022-2026 Advanced Micro Devices, Inc. All Rights Reserved.
--------------------------------------------------------------------------------------------------------------------------------------------------------------------------------------
| Tool Version : Vivado v.2026.1 (win64) Build 6511674 Tue Jun 16 11:02:23 MDT 2026
| Date         : Wed Jul  1 10:01:15 2026
| Host         : HYB-6AVb5If9qTU running 64-bit major release  (build 9200)
| Command      : report_methodology -file design_1_wrapper_methodology_drc_routed.rpt -pb design_1_wrapper_methodology_drc_routed.pb -rpx design_1_wrapper_methodology_drc_routed.rpx
| Design       : design_1_wrapper
| Device       : xc7z020clg484-1
| Speed File   : -1
| Design State : Fully Routed
--------------------------------------------------------------------------------------------------------------------------------------------------------------------------------------

Report Methodology

Table of Contents
-----------------
1. REPORT SUMMARY
2. REPORT DETAILS

1. REPORT SUMMARY
-----------------
            Netlist: netlist
          Floorplan: design_1
      Design limits: <entire design considered>
             Max checks: <unlimited>
             Checks found: 10
+-----------+------------------+----------------------------------------------------+--------+
| Rule      | Severity         | Description                                        | Checks |
+-----------+------------------+----------------------------------------------------+--------+
| TIMING-4  | Critical Warning | Invalid primary clock redefinition on a clock tree | 1      |
| TIMING-27 | Critical Warning | Invalid primary clock on hierarchical pin          | 1      |
| TIMING-16 | Warning          | Large setup violation                              | 8      |
+-----------+------------------+----------------------------------------------------+--------+

2. REPORT DETAILS
-----------------
TIMING-4#1 Critical Warning
Invalid primary clock redefinition on a clock tree  
Invalid clock redefinition on a clock tree. The primary clock design_1_i/pixel_clock_generator/inst/clk_in1 is defined downstream of clock clk_fpga_0 and overrides its insertion delay and/or waveform definition
Related violations: <none>

TIMING-27#1 Critical Warning
Invalid primary clock on hierarchical pin  
A primary clock design_1_i/pixel_clock_generator/inst/clk_in1 is created on an inappropriate internal pin design_1_i/pixel_clock_generator/inst/clk_in1. It is not recommended to create a primary clock on a hierarchical pin when its driver pin has a fanout connected to multiple clock pins
Related violations: <none>

TIMING-16#1 Warning
Large setup violation  
There is a large setup violation of -6.987 ns between design_1_i/video_signal_0/inst/Vpos_reg[7]_replica/C (clocked by clk_out1_design_1_clk_wiz_0_0) and design_1_i/vga_fetcher_0/inst/addrb_reg[0]/D (clocked by clk_out1_design_1_clk_wiz_0_0). Large setup violations at the end of those stages might be difficult to fix during the post-placement implementation flow and could be the result of non-optimal XDC constraints or non-optimal design architecture
Related violations: <none>

TIMING-16#2 Warning
Large setup violation  
There is a large setup violation of -7.385 ns between design_1_i/video_signal_0/inst/Vpos_reg[7]_replica/C (clocked by clk_out1_design_1_clk_wiz_0_0) and design_1_i/vga_fetcher_0/inst/addrb_reg[1]/D (clocked by clk_out1_design_1_clk_wiz_0_0). Large setup violations at the end of those stages might be difficult to fix during the post-placement implementation flow and could be the result of non-optimal XDC constraints or non-optimal design architecture
Related violations: <none>

TIMING-16#3 Warning
Large setup violation  
There is a large setup violation of -7.759 ns between design_1_i/video_signal_0/inst/Vpos_reg[7]_replica/C (clocked by clk_out1_design_1_clk_wiz_0_0) and design_1_i/vga_fetcher_0/inst/addrb_reg[3]/D (clocked by clk_out1_design_1_clk_wiz_0_0). Large setup violations at the end of those stages might be difficult to fix during the post-placement implementation flow and could be the result of non-optimal XDC constraints or non-optimal design architecture
Related violations: <none>

TIMING-16#4 Warning
Large setup violation  
There is a large setup violation of -7.848 ns between design_1_i/video_signal_0/inst/Vpos_reg[7]_replica/C (clocked by clk_out1_design_1_clk_wiz_0_0) and design_1_i/vga_fetcher_0/inst/addrb_reg[2]/D (clocked by clk_out1_design_1_clk_wiz_0_0). Large setup violations at the end of those stages might be difficult to fix during the post-placement implementation flow and could be the result of non-optimal XDC constraints or non-optimal design architecture
Related violations: <none>

TIMING-16#5 Warning
Large setup violation  
There is a large setup violation of -8.054 ns between design_1_i/video_signal_0/inst/Vpos_reg[7]_replica/C (clocked by clk_out1_design_1_clk_wiz_0_0) and design_1_i/vga_fetcher_0/inst/addrb_reg[4]/D (clocked by clk_out1_design_1_clk_wiz_0_0). Large setup violations at the end of those stages might be difficult to fix during the post-placement implementation flow and could be the result of non-optimal XDC constraints or non-optimal design architecture
Related violations: <none>

TIMING-16#6 Warning
Large setup violation  
There is a large setup violation of -8.071 ns between design_1_i/video_signal_0/inst/Vpos_reg[7]_replica/C (clocked by clk_out1_design_1_clk_wiz_0_0) and design_1_i/vga_fetcher_0/inst/addrb_reg[5]/D (clocked by clk_out1_design_1_clk_wiz_0_0). Large setup violations at the end of those stages might be difficult to fix during the post-placement implementation flow and could be the result of non-optimal XDC constraints or non-optimal design architecture
Related violations: <none>

TIMING-16#7 Warning
Large setup violation  
There is a large setup violation of -8.322 ns between design_1_i/video_signal_0/inst/Vpos_reg[7]_replica/C (clocked by clk_out1_design_1_clk_wiz_0_0) and design_1_i/vga_fetcher_0/inst/addrb_reg[7]/D (clocked by clk_out1_design_1_clk_wiz_0_0). Large setup violations at the end of those stages might be difficult to fix during the post-placement implementation flow and could be the result of non-optimal XDC constraints or non-optimal design architecture
Related violations: <none>

TIMING-16#8 Warning
Large setup violation  
There is a large setup violation of -8.329 ns between design_1_i/video_signal_0/inst/Vpos_reg[7]_replica/C (clocked by clk_out1_design_1_clk_wiz_0_0) and design_1_i/vga_fetcher_0/inst/addrb_reg[6]/D (clocked by clk_out1_design_1_clk_wiz_0_0). Large setup violations at the end of those stages might be difficult to fix during the post-placement implementation flow and could be the result of non-optimal XDC constraints or non-optimal design architecture
Related violations: <none>


